11-11 00:13:22.942  2195  2781 W NotificationService: Toast already killed. pkg=com.android.todolist callback=android.app.ITransientNotification$Stub$Proxy@c4f4519
11-11 00:14:17.417  2195  6694 I ActivityManager: START u0 {act=android.settings.APPLICATION_DETAILS_SETTINGS dat=package:com.android.todolist flg=0x10008000 cmp=com.android.settings/.applications.InstalledAppDetails} from uid 10026
11-11 00:14:47.514  2696  2696 I Timeline: Timeline: Activity_launch_request time:509595963 intent:Intent { act=android.intent.action.MAIN cat=[android.intent.category.LAUNCHER] flg=0x10200000 cmp=com.android.todolist/.MainActivity bnds=[80,1316][248,1484] (has extras) }
11-11 00:14:47.515  2195  6694 I ActivityManager: START u0 {act=android.intent.action.MAIN cat=[android.intent.category.LAUNCHER] flg=0x10200000 cmp=com.android.todolist/.MainActivity bnds=[80,1316][248,1484] (has extras)} from uid 10026
11-11 00:14:48.022  2195  2298 I Timeline: Timeline: Activity_windows_visible id: ActivityRecord{663b17d u0 com.android.todolist/.MainActivity t24919} time:509596471
11-11 00:14:54.900  2195  2685 D PerfShielderService: com.android.todolist|com.android.todolist/com.android.todolist.MainActivity|171|509600305592854|89|3|2
11-11 00:14:54.901  3370  5156 W MiuiPerfServiceClient: interceptAndQueuing:20859|com.android.todolist|171|89|unknown|null|com.android.todolist/com.android.todolist.MainActivity|509600305592854|Slow handle traversal|2
11-11 00:14:56.728  2195  2685 W NotificationService: Toast already killed. pkg=com.android.todolist callback=android.app.ITransientNotification$Stub$Proxy@ac7970e
11-11 00:15:25.389  2696  2696 D Launcher_DragView: new DragView:ShortcutInfo, id=140, itemType=0, user=UserHandle{0}, mIconType=0, pkgName=com.android.todolist, className=com.android.todolist.MainActivity
11-11 00:15:25.396  2696  2696 D Launcher.CellLayout: updateCellOccupiedMarks, remove, ShortcutInfo, id=140, itemType=0, user=UserHandle{0}, mIconType=0, pkgName=com.android.todolist, className=com.android.todolist.MainActivity, screenId=3, container=-100, cellX=0, cellY=4, spanX=1, spanY=1, isLandscapePos=false
11-11 00:15:25.806  2696  2696 D Launcher.DragController: drop, from=ShortcutInfo, id=140, itemType=0, user=UserHandle{0}, mIconType=0, pkgName=com.android.todolist, className=com.android.todolist.MainActivity, screenId=3, container=-100, cellX=0, cellY=4, spanX=1, spanY=1, isLandscapePos=false
11-11 00:15:25.806  2696  2696 D Launcher.CellLayout: updateCellOccupiedMarks, update, ShortcutInfo, id=140, itemType=0, user=UserHandle{0}, mIconType=0, pkgName=com.android.todolist, className=com.android.todolist.MainActivity, screenId=3, container=-100, cellX=0, cellY=4, spanX=1, spanY=1, isLandscapePos=false
11-11 00:15:25.811  2696  2696 D Launcher.DragController: drop succeed, to ShortcutInfo, id=140, itemType=0, user=UserHandle{0}, mIconType=0, pkgName=com.android.todolist, className=com.android.todolist.MainActivity, screenId=3, container=-100, cellX=0, cellY=4, spanX=1, spanY=1, isLandscapePos=false
11-11 00:15:25.819  2696  2696 D Launcher.CellLayout: saveCurrentLayout, info=ShortcutInfo, id=140, itemType=0, user=UserHandle{0}, mIconType=0, pkgName=com.android.todolist, className=com.android.todolist.MainActivity, screenId=3, container=-100, cellX=0, cellY=4, spanX=1, spanY=1, isLandscapePos=false
11-11 00:15:25.820  2696  2696 D Launcher.ShortcutMenu: show shortcut menu when drop, pkgName=com.android.todolist
11-11 00:15:27.664  2696  2696 D Launcher.ShortcutMenu: click shortcut menu app details info, pkg=com.android.todolist
11-11 00:15:27.667  2195  3755 I ActivityManager: START u0 {act=android.settings.APPLICATION_DETAILS_SETTINGS dat=package:com.android.todolist flg=0x10008000 cmp=com.android.settings/.applications.InstalledAppDetails} from uid 10026
11-11 00:15:27.795  2696  2696 D Launcher.ShortcutMenu: hide ShortcutMenu, pkgName=com.android.todolist, reason=null
11-11 00:15:28.864 19277 14371 I NAProvider: queryWifiRule packageName:com.android.todolist
11-11 00:15:28.877 19277 19288 I NAProvider: queryMobileRule packageName:com.android.todolist
11-11 00:15:44.290  2195  2685 I ActivityManager: Force stopping com.android.todolist appid=10194 user=0: clear data
11-11 00:15:44.290  2195  2685 I AutoStartManagerService: MIUILOG- Reject RestartService packageName :com.android.todolist uid : 10194
11-11 00:15:44.292  2195  2685 I ActivityManager: Killing 20859:com.android.todolist/u0a194 (adj 700): stop com.android.todolist: clear data
11-11 00:15:44.300  2195  2685 I ActivityManager:   Force finishing activity ActivityRecord{14b505 u0 com.android.todolist/.MainActivity t24919}
11-11 00:15:44.313  2195  2685 I ActivityManager:   Force finishing activity ActivityRecord{663b17d u0 com.android.todolist/.MainActivity t24919}
11-11 00:15:44.369  2195  2290 I ActivityManager: Force stopping com.android.todolist appid=10194 user=-1: clearApplicationUserData
11-11 00:15:44.375  2195  2685 I ConditionProviders: Disallowing condition provider com.android.todolist
11-11 00:15:44.495  3694  4024 W PushService: [Tid:178] clear notifications of package com.android.todolist
11-11 00:15:44.536 13313 13313 I PackageInstallReceiver: action = android.intent.action.PACKAGE_DATA_CLEARED packageName = com.android.todolist
11-11 00:15:44.551 32066 32066 D AggregateListener: onPackageRestarted packageName:com.android.todolist
11-11 00:15:46.778 28392 21206 I BlockstoreStorage: Writing 0 bytes of block data for com.android.todolist [CONTEXT service_id=258 ]
11-11 00:15:46.861 28392 11345 I Icing   : doRemovePackageData com.android.todolist
11-11 00:15:47.313 21213 21213 I VSC-AppInstallReceiver: action: android.intent.action.PACKAGE_DATA_CLEARED, packageName: com.android.todolist
11-11 00:15:48.939  2696  2958 D Launcher: getLastLaunchApp, pkg=com.android.todolist
11-11 00:15:49.980  2696  2696 D Launcher.CellLayout: touch item:ShortcutInfo, id=140, itemType=0, user=UserHandle{0}, mIconType=0, pkgName=com.android.todolist, className=com.android.todolist.MainActivity, screenId=3, container=-100, cellX=0, cellY=4, spanX=1, spanY=1, isLandscapePos=false
11-11 00:15:50.062  2696  2696 I Timeline: Timeline: Activity_launch_request time:509658511 intent:Intent { act=android.intent.action.MAIN cat=[android.intent.category.LAUNCHER] flg=0x10200000 cmp=com.android.todolist/.MainActivity bnds=[81,1318][249,1486] (has extras) }
11-11 00:15:50.083  2195  2720 I ActivityManager: START u0 {act=android.intent.action.MAIN cat=[android.intent.category.LAUNCHER] flg=0x10200000 cmp=com.android.todolist/.MainActivity bnds=[81,1318][249,1486] (has extras)} from uid 10026
11-11 00:15:50.117  2195  2720 D ActivityTrigger: activityStartTrigger: Activity is Triggerred in full screen ApplicationInfo{1b09c81 com.android.todolist}
11-11 00:15:50.117  2195  2720 E ActivityTrigger: activityStartTrigger: not whiteListedcom.android.todolist/com.android.todolist.MainActivity/1
11-11 00:15:50.132  2195  2720 D ActivityTrigger: activityResumeTrigger: The activity in ApplicationInfo{1b09c81 com.android.todolist} is now in focus and seems to be in full-screen mode
11-11 00:15:50.132  2195  2720 E ActivityTrigger: activityResumeTrigger: not whiteListedcom.android.todolist/com.android.todolist.MainActivity/1
11-11 00:15:50.193  2195  4435 D ActivityTrigger: activityResumeTrigger: The activity in ApplicationInfo{1b09c81 com.android.todolist} is now in focus and seems to be in full-screen mode
11-11 00:15:50.193  2195  4435 E ActivityTrigger: activityResumeTrigger: not whiteListedcom.android.todolist/com.android.todolist.MainActivity/1
11-11 00:15:50.298  2195  2292 D Boost   : hostingType=activity, hostingName=com.android.todolist/.MainActivity, callerPackage=com.miui.home, isSystem=true, isBoostNeeded=false.
11-11 00:15:50.306  2195  2292 I ActivityManager: Start proc 21348:com.android.todolist/u0a194 for activity com.android.todolist/.MainActivity caller=com.miui.home
11-11 00:15:50.647  6549  6560 I GST     : forePkg: com.android.todolist, preForePkg: com.miui.home
11-11 00:15:50.648 19277 19288 I ProcessMonitor: onForegroundInfoChanged: ForegroundInfo{mForegroundPackageName='com.android.todolist', mForegroundUid=10194, mForegroundPid=21348, mLastForegroundPackageName='com.miui.home', mLastForegroundUid=10026, mLastForegroundPid=2696, mMultiWindowForegroundPackageName='null', mMultiWindowForegroundUid=-1, mFlags=1}
11-11 00:15:50.648 19277 19288 I GameBoosterService: onForegroundInfoChanged: Cur=com.android.todolist	 last=com.miui.home
11-11 00:15:50.658 19277 19288 D GameBoosterService: onGameStatusChange foreground:ForegroundInfo{mForegroundPackageName='com.android.todolist', mForegroundUid=10194, mForegroundPid=21348, mLastForegroundPackageName='com.miui.home', mLastForegroundUid=10026, mLastForegroundPid=2696, mMultiWindowForegroundPackageName='null', mMultiWindowForegroundUid=-1, mFlags=1}
11-11 00:15:50.926   747  2949 W SurfaceFlinger: Attempting to set client state on removed layer: Surface(name=AppWindowToken{f138972 token=Token{dba867d ActivityRecord{8505a27 u0 com.android.todolist/.MainActivity t24921}}})/@0x12c515 - animation-leash#0
11-11 00:15:50.926   747  2949 W SurfaceFlinger: Attempting to destroy on removed layer: Surface(name=AppWindowToken{f138972 token=Token{dba867d ActivityRecord{8505a27 u0 com.android.todolist/.MainActivity t24921}}})/@0x12c515 - animation-leash#0
11-11 00:15:52.593  2195  2298 I ActivityManager: Displayed com.android.todolist/.MainActivity: +2s385ms
11-11 00:15:52.597  2195  2298 I Timeline: Timeline: Activity_windows_visible id: ActivityRecord{8505a27 u0 com.android.todolist/.MainActivity t24921} time:509661046
11-11 00:15:52.758   747   806 W SurfaceFlinger: Attempting to set client state on removed layer: Splash Screen com.android.todolist#0
11-11 00:15:52.758   747   806 W SurfaceFlinger: Attempting to destroy on removed layer: Splash Screen com.android.todolist#0
11-11 00:15:57.052 19277 20331 I ProcessMonitor: onForegroundInfoChanged: ForegroundInfo{mForegroundPackageName='com.miui.home', mForegroundUid=10026, mForegroundPid=2696, mLastForegroundPackageName='com.android.todolist', mLastForegroundUid=10194, mLastForegroundPid=21348, mMultiWindowForegroundPackageName='null', mMultiWindowForegroundUid=-1, mFlags=0}
11-11 00:15:57.052  6549  6560 I GST     : forePkg: com.miui.home, preForePkg: com.android.todolist
11-11 00:15:57.052 19277 20331 I GameBoosterService: onForegroundInfoChanged: Cur=com.miui.home	 last=com.android.todolist
11-11 00:15:57.053 19277 20331 D GameBoosterService: onGameStatusChange foreground:ForegroundInfo{mForegroundPackageName='com.miui.home', mForegroundUid=10026, mForegroundPid=2696, mLastForegroundPackageName='com.android.todolist', mLastForegroundUid=10194, mLastForegroundPid=21348, mMultiWindowForegroundPackageName='null', mMultiWindowForegroundUid=-1, mFlags=0}
11-11 00:15:57.524   747   806 W SurfaceFlinger: Attempting to set client state on removed layer: Surface(name=thumbnail anim: AppWindowToken{f138972 token=Token{dba867d ActivityRecord{8505a27 u0 com.android.todolist/.MainActivity t24921}}})/@0x5f507b6 - animation-leash#0
11-11 00:15:57.524   747   806 W SurfaceFlinger: Attempting to destroy on removed layer: Surface(name=thumbnail anim: AppWindowToken{f138972 token=Token{dba867d ActivityRecord{8505a27 u0 com.android.todolist/.MainActivity t24921}}})/@0x5f507b6 - animation-leash#0
11-11 00:15:57.530   747  2949 W SurfaceFlinger: Attempting to set client state on removed layer: com.android.todolist/com.android.todolist.MainActivity#0
11-11 00:15:57.530   747  2949 W SurfaceFlinger: Attempting to destroy on removed layer: com.android.todolist/com.android.todolist.MainActivity#0
11-11 00:18:22.072 13313 21525 I ShortCutsItem: drop size = 10 result = [{"actionType":"native","actionUrl":"","category":"recentInstalled","originPos":-1,"packageName":"com.android.todolist","title":"","type":"app"},{"actionType":"native","actionUrl":"","category":"recentInstalled","originPos":-1,"packageName":"com.android.settings","title":"","type":"app"},{"actionType":"native","actionUrl":"","category":"recentInstalled","originPos":-1,"packageName":"com.mi.globalbrowser","title":"","type":"app"},{"actionType":"native","actionUrl":"","category":"recentInstalled","originPos":-1,"packageName":"com.google.android.youtube","title":"","type":"app"},{"actionType":"native","actionUrl":"","category":"recentInstalled","originPos":-1,"packageName":"org.telegram.messenger","title":"","type":"app"}]
11-11 00:18:33.301  2195  6338 I ProcessManager: GarbageClean: kill com.android.todolist Adj=900 State=17
11-11 00:18:33.311  2195  6338 I ActivityManager: Killing 21348:com.android.todolist/u0a194 (adj 900): GarbageClean
11-11 00:18:33.375  2195  4435 I WindowManager: WIN DEATH: Window{631bb3a u0 com.android.todolist/com.android.todolist.MainActivity}
11-11 00:18:33.400   747  2949 W SurfaceFlinger: Attempting to destroy on removed layer: AppWindowToken{f138972 token=Token{dba867d ActivityRecord{8505a27 u0 com.android.todolist/.MainActivity t24921}}}#0
11-11 00:18:53.087  2696  2696 D Launcher.CellLayout: touch item:ShortcutInfo, id=140, itemType=0, user=UserHandle{0}, mIconType=0, pkgName=com.android.todolist, className=com.android.todolist.MainActivity, screenId=3, container=-100, cellX=0, cellY=4, spanX=1, spanY=1, isLandscapePos=false
11-11 00:18:53.144  2696  2696 I Timeline: Timeline: Activity_launch_request time:509841593 intent:Intent { act=android.intent.action.MAIN cat=[android.intent.category.LAUNCHER] flg=0x10200000 cmp=com.android.todolist/.MainActivity bnds=[80,1317][248,1485] (has extras) }
11-11 00:18:53.146  2195  6017 I ActivityManager: START u0 {act=android.intent.action.MAIN cat=[android.intent.category.LAUNCHER] flg=0x10200000 cmp=com.android.todolist/.MainActivity bnds=[80,1317][248,1485] (has extras)} from uid 10026
11-11 00:18:53.172  2195  6017 D ActivityTrigger: activityStartTrigger: Activity is Triggerred in full screen ApplicationInfo{1b09c81 com.android.todolist}
11-11 00:18:53.172  2195  6017 E ActivityTrigger: activityStartTrigger: not whiteListedcom.android.todolist/com.android.todolist.MainActivity/1
11-11 00:18:53.176  2195  6017 D ActivityTrigger: activityResumeTrigger: The activity in ApplicationInfo{1b09c81 com.android.todolist} is now in focus and seems to be in full-screen mode
11-11 00:18:53.176  2195  6017 E ActivityTrigger: activityResumeTrigger: not whiteListedcom.android.todolist/com.android.todolist.MainActivity/1
11-11 00:18:53.221  2195  6017 D ActivityTrigger: activityResumeTrigger: The activity in ApplicationInfo{1b09c81 com.android.todolist} is now in focus and seems to be in full-screen mode
11-11 00:18:53.221  2195  6017 E ActivityTrigger: activityResumeTrigger: not whiteListedcom.android.todolist/com.android.todolist.MainActivity/1
11-11 00:18:53.312  2195  2292 D Boost   : hostingType=activity, hostingName=com.android.todolist/.MainActivity, callerPackage=com.miui.home, isSystem=true, isBoostNeeded=false.
11-11 00:18:53.315  2195  2292 I ActivityManager: Start proc 21777:com.android.todolist/u0a194 for activity com.android.todolist/.MainActivity caller=com.miui.home
11-11 00:18:53.501  6549  6560 I GST     : forePkg: com.android.todolist, preForePkg: com.miui.home
11-11 00:18:53.502 19277 21689 I ProcessMonitor: onForegroundInfoChanged: ForegroundInfo{mForegroundPackageName='com.android.todolist', mForegroundUid=10194, mForegroundPid=21777, mLastForegroundPackageName='com.miui.home', mLastForegroundUid=10026, mLastForegroundPid=2696, mMultiWindowForegroundPackageName='null', mMultiWindowForegroundUid=-1, mFlags=1}
11-11 00:18:53.502 19277 21689 I GameBoosterService: onForegroundInfoChanged: Cur=com.android.todolist	 last=com.miui.home
11-11 00:18:53.503 19277 21689 D GameBoosterService: onGameStatusChange foreground:ForegroundInfo{mForegroundPackageName='com.android.todolist', mForegroundUid=10194, mForegroundPid=21777, mLastForegroundPackageName='com.miui.home', mLastForegroundUid=10026, mLastForegroundPid=2696, mMultiWindowForegroundPackageName='null', mMultiWindowForegroundUid=-1, mFlags=1}
11-11 00:18:54.971  2195  2298 I ActivityManager: Displayed com.android.todolist/.MainActivity: +1s736ms
11-11 00:18:54.973  2195  2298 I Timeline: Timeline: Activity_windows_visible id: ActivityRecord{90589c6 u0 com.android.todolist/.MainActivity t24922} time:509843423
11-11 00:18:55.136   747   805 W SurfaceFlinger: Attempting to set client state on removed layer: Splash Screen com.android.todolist#0
11-11 00:18:55.137   747   805 W SurfaceFlinger: Attempting to destroy on removed layer: Splash Screen com.android.todolist#0
11-11 00:18:56.736   747   747 D SurfaceFlinger: duplicate layer name: changing com.android.todolist/com.android.todolist.MainActivity to com.android.todolist/com.android.todolist.MainActivity#1
11-11 00:18:57.882 29499 29499 I AndroidIME: AbstractIme.onActivate():86 LatinIme.onActivate() : EditorInfo = inputType=Text imeActionName=DONE dump=[inputType=0x61 imeOptions=0x6 privateImeOptions=null actionLabel=null actionId=0 initialSelStart=0 initialSelEnd=0 initialCapsMode=0x0 hintText=Name list label=null packageName=com.android.todolist fieldId=2131230896 fieldName=null extras=Bundle[{android.support.text.emoji.emojiCompat_metadataVersion=5, androidx.core.view.inputmethod.EditorInfoCompat.CONTENT_SELECTION_HEAD=0, androidx.core.view.inputmethod.EditorInfoCompat.CONTENT_SELECTION_END=0, android.support.text.emoji.emojiCompat_replaceAll=false, androidx.core.view.inputmethod.EditorInfoCompat.CONTENT_SURROUNDING_TEXT=}] hintLocales=null contentMimeTypes=null ], IncognitoMode = false, DeviceLocked = false
11-11 00:18:58.069  2195  7325 D PerfShielderService: com.android.todolist|com.android.todolist/com.android.todolist.MainActivity|602|509845396115261|136|0|15
11-11 00:18:58.071  3370  5156 W MiuiPerfServiceClient: interceptAndQueuing:21777|com.android.todolist|602|136|unknown|null|com.android.todolist/com.android.todolist.MainActivity|509845396115261|Slow main thread|15
11-11 00:18:58.824  2195  2333 D PerfShielderService: com.android.todolist|com.android.todolist/com.android.todolist.MainActivity|226|509846986922552|93|5|10
11-11 00:18:58.825  3370  5156 W MiuiPerfServiceClient: interceptAndQueuing:21777|com.android.todolist|226|93|unknown|null|com.android.todolist/com.android.todolist.MainActivity|509846986922552|Slow issue draw commands|10
11-11 00:19:02.892   747  2354 W SurfaceFlinger: Attempting to set client state on removed layer: com.android.todolist/com.android.todolist.MainActivity#1
11-11 00:19:02.892   747  2354 W SurfaceFlinger: Attempting to destroy on removed layer: com.android.todolist/com.android.todolist.MainActivity#1
11-11 00:19:04.525  2195  3754 D PerfShielderService: com.android.todolist|com.android.todolist/com.android.todolist.MainActivity|340|509851418700311|186|3|6
11-11 00:19:04.526  3370  5156 W MiuiPerfServiceClient: interceptAndQueuing:21777|com.android.todolist|340|186|unknown|null|com.android.todolist/com.android.todolist.MainActivity|509851418700311|Slow handle traversal|6
11-11 00:19:05.801 10279 10305 D PowerCheckerService: foreground, uid = 10194, app = com.android.todolist
